// Jest Snapshot v1, https://goo.gl/fbAQLP

exports[`Displays a catchphrase 1`] = `
<div>
  <p>
    hello
  </p>
  <p>
    dude
  </p>
  <br />
</div>
`;
